Archive member included because of file (symbol)

../lib/libpolio.a(polio.o)    buffertests.o (setspeed)
../lib/libpolio.a(timer.o)    buffertests.o (set_timer)
../lib/libpolio.a(time.o)     buffertests.o (get_curtime)
../lib/libbuffers.a(buffers.o)
                              buffertests.o (buffer_init)
../lib/libbuffers.a(terminal.o)
                              buffertests.o (init_terminal)
../lib/libbuffers.a(parse_instruction.o)
                              ../lib/libbuffers.a(terminal.o) (parse_instruction)
/u/wbcowan/gnuarm-4.0.2/lib/gcc/arm-elf/4.0.2/libgcc.a(_udivsi3.o)
                              ../lib/libpolio.a(polio.o) (__udivsi3)
/u/wbcowan/gnuarm-4.0.2/lib/gcc/arm-elf/4.0.2/libgcc.a(_umodsi3.o)
                              ../lib/libpolio.a(polio.o) (__umodsi3)
/u/wbcowan/gnuarm-4.0.2/lib/gcc/arm-elf/4.0.2/libgcc.a(_dvmd_tls.o)
                              /u/wbcowan/gnuarm-4.0.2/lib/gcc/arm-elf/4.0.2/libgcc.a(_udivsi3.o) (__div0)

Allocating common symbols
Common symbol       size              file

linepos             0x4               ../lib/libbuffers.a(terminal.o)
switch_states       0x17              buffertests.o
train_buffer        0x408             ../lib/libbuffers.a(buffers.o)
sensor_states       0x58              buffertests.o
keyboard_buffer     0x408             ../lib/libbuffers.a(buffers.o)
got_command         0x4               ../lib/libbuffers.a(terminal.o)
write               0x4               ../lib/libbuffers.a(terminal.o)
char_to_write       0x1               ../lib/libbuffers.a(terminal.o)
screen_buffer       0x408             ../lib/libbuffers.a(buffers.o)
execute             0x4               ../lib/libbuffers.a(terminal.o)
command_buffer      0x408             ../lib/libbuffers.a(buffers.o)
q                   0x4               buffertests.o

Memory Configuration

Name             Origin             Length             Attributes
ram              0x0000000000000000 0x0000000002000000
rom              0x0000000060000000 0x0000000000800000
*default*        0x0000000000000000 0xffffffffffffffff

Linker script and memory map


.text           0x0000000000000000     0x32c0
 *(.text)
 .text          0x0000000000000000      0x594 buffertests.o
                0x00000000000002a4                main
 .text          0x0000000000000594      0xda4 ../lib/libpolio.a(polio.o)
                0x0000000000000bc4                putw
                0x0000000000000b4c                putstr
                0x0000000000000f9c                i2a
                0x0000000000001000                format
                0x00000000000005ac                setspeed
                0x00000000000008d8                putch
                0x0000000000000780                getch
                0x0000000000001300                polprintf
                0x0000000000000854                cts
                0x00000000000006b8                setfifo
                0x0000000000000a14                putx
                0x0000000000000594                uart_init
                0x00000000000009b4                c2x
                0x0000000000000e58                ui2a
                0x0000000000000d94                a2i
                0x0000000000000cec                a2d
                0x0000000000000ab4                putr
 .text          0x0000000000001338       0x90 ../lib/libpolio.a(timer.o)
                0x0000000000001370                set_timer
                0x0000000000001338                get_time
 .text          0x00000000000013c8      0x170 ../lib/libpolio.a(time.o)
                0x00000000000013c8                get_curtime
 .text          0x0000000000001538      0x344 ../lib/libbuffers.a(buffers.o)
                0x0000000000001538                buffer_init
                0x0000000000001740                buffer_take
                0x0000000000001820                buffer_peek
                0x00000000000016b8                put_on_buffer
 .text          0x000000000000187c      0xea0 ../lib/libbuffers.a(terminal.o)
                0x0000000000002048                print_query_response
                0x0000000000001da4                parse_command
                0x0000000000001f88                check_if_sensor_on_screen
                0x00000000000023cc                query_sensor
                0x0000000000002684                debug_print
                0x0000000000001eec                execute_command
                0x0000000000001d08                send_char_to_screen
                0x000000000000187c                init_terminal
                0x0000000000001948                get_char_from_keyboard
 .text          0x000000000000271c      0x890 ../lib/libbuffers.a(parse_instruction.o)
                0x00000000000027d8                parse_instruction
 .text          0x0000000000002fac      0x110 /u/wbcowan/gnuarm-4.0.2/lib/gcc/arm-elf/4.0.2/libgcc.a(_udivsi3.o)
                0x0000000000002fac                __udivsi3
                0x00000000000030a4                __aeabi_uidivmod
 .text          0x00000000000030bc       0xcc /u/wbcowan/gnuarm-4.0.2/lib/gcc/arm-elf/4.0.2/libgcc.a(_umodsi3.o)
                0x00000000000030bc                __umodsi3
 .text          0x0000000000003188        0x4 /u/wbcowan/gnuarm-4.0.2/lib/gcc/arm-elf/4.0.2/libgcc.a(_dvmd_tls.o)
                0x0000000000003188                __aeabi_ldiv0
                0x0000000000003188                __div0
                0x0000000000003188                __aeabi_idiv0
 *(.got)
 .got           0x000000000000318c       0x48 buffertests.o
 *(.got.plt)
 .got.plt       0x00000000000031d4        0xc buffertests.o
                0x00000000000031d4                _GLOBAL_OFFSET_TABLE_
 *(.rodata)
 .rodata        0x00000000000031e0       0x78 buffertests.o
 .rodata        0x0000000000003258       0x68 ../lib/libbuffers.a(terminal.o)
 *(.glue_7)
 *(.glue_7t)

.bss            0x00000000000032c0     0x10e0
                0x00000000000032c0                _BssStart = .
 *(.bss)
 .bss           0x00000000000032c0        0x8 buffertests.o
                0x00000000000032c0                switch_states_changed
                0x00000000000032c1                sensor_states_changed
 .bss           0x00000000000032c8        0x4 ../lib/libpolio.a(polio.o)
                0x00000000000032c8                chars_to_write
 .bss           0x00000000000032cc       0x2c ../lib/libbuffers.a(terminal.o)
                0x00000000000032f8                _BssEnd = .
 COMMON         0x00000000000032f8       0x74 buffertests.o
                0x00000000000032f8                switch_states
                0x000000000000330f                sensor_states
                0x0000000000003368                q
 COMMON         0x000000000000336c     0x1020 ../lib/libbuffers.a(buffers.o)
                0x000000000000336c                train_buffer
                0x0000000000003774                keyboard_buffer
                0x0000000000003b7c                screen_buffer
                0x0000000000003f84                command_buffer
 COMMON         0x000000000000438c       0x14 ../lib/libbuffers.a(terminal.o)
                0x000000000000438c                linepos
                0x0000000000004390                got_command
                0x0000000000004394                write
                0x0000000000004398                char_to_write
                0x000000000000439c                execute

.data           0x00000000000043a0        0x4
                0x00000000000043a0                _DataStart = .
 *(.data)
 .data          0x00000000000043a0        0x4 ../lib/libbuffers.a(terminal.o)
                0x00000000000043a4                _DataEnd = .

.rel.dyn
LOAD buffertests.o
LOAD ../lib/libpolio.a
LOAD ../lib/libbuffers.a
LOAD /u/wbcowan/gnuarm-4.0.2/lib/gcc/arm-elf/4.0.2/libgcc.a
OUTPUT(buffertests.elf elf32-littlearm)

.comment        0x0000000000000000       0x7e
 .comment       0x0000000000000000       0x12 buffertests.o
 .comment       0x0000000000000012       0x12 ../lib/libpolio.a(polio.o)
 .comment       0x0000000000000024       0x12 ../lib/libpolio.a(timer.o)
 .comment       0x0000000000000036       0x12 ../lib/libpolio.a(time.o)
 .comment       0x0000000000000048       0x12 ../lib/libbuffers.a(buffers.o)
 .comment       0x000000000000005a       0x12 ../lib/libbuffers.a(terminal.o)
 .comment       0x000000000000006c       0x12 ../lib/libbuffers.a(parse_instruction.o)

.debug_line     0x0000000000000000      0x14f
 .debug_line    0x0000000000000000       0x86 /u/wbcowan/gnuarm-4.0.2/lib/gcc/arm-elf/4.0.2/libgcc.a(_udivsi3.o)
 .debug_line    0x0000000000000086       0x6f /u/wbcowan/gnuarm-4.0.2/lib/gcc/arm-elf/4.0.2/libgcc.a(_umodsi3.o)
 .debug_line    0x00000000000000f5       0x5a /u/wbcowan/gnuarm-4.0.2/lib/gcc/arm-elf/4.0.2/libgcc.a(_dvmd_tls.o)

.debug_info     0x0000000000000000      0x153
 .debug_info    0x0000000000000000       0x71 /u/wbcowan/gnuarm-4.0.2/lib/gcc/arm-elf/4.0.2/libgcc.a(_udivsi3.o)
 .debug_info    0x0000000000000071       0x71 /u/wbcowan/gnuarm-4.0.2/lib/gcc/arm-elf/4.0.2/libgcc.a(_umodsi3.o)
 .debug_info    0x00000000000000e2       0x71 /u/wbcowan/gnuarm-4.0.2/lib/gcc/arm-elf/4.0.2/libgcc.a(_dvmd_tls.o)

.debug_abbrev   0x0000000000000000       0x3c
 .debug_abbrev  0x0000000000000000       0x14 /u/wbcowan/gnuarm-4.0.2/lib/gcc/arm-elf/4.0.2/libgcc.a(_udivsi3.o)
 .debug_abbrev  0x0000000000000014       0x14 /u/wbcowan/gnuarm-4.0.2/lib/gcc/arm-elf/4.0.2/libgcc.a(_umodsi3.o)
 .debug_abbrev  0x0000000000000028       0x14 /u/wbcowan/gnuarm-4.0.2/lib/gcc/arm-elf/4.0.2/libgcc.a(_dvmd_tls.o)

.debug_aranges  0x0000000000000000       0x60
 .debug_aranges
                0x0000000000000000       0x20 /u/wbcowan/gnuarm-4.0.2/lib/gcc/arm-elf/4.0.2/libgcc.a(_udivsi3.o)
 .debug_aranges
                0x0000000000000020       0x20 /u/wbcowan/gnuarm-4.0.2/lib/gcc/arm-elf/4.0.2/libgcc.a(_umodsi3.o)
 .debug_aranges
                0x0000000000000040       0x20 /u/wbcowan/gnuarm-4.0.2/lib/gcc/arm-elf/4.0.2/libgcc.a(_dvmd_tls.o)
