Archive member included because of file (symbol)

../lib/libbwio.a(bwio.o)      cursor-addressing-test.o (bwsetfifo)
/u/wbcowan/gnuarm-4.0.2/lib/gcc/arm-elf/4.0.2/libgcc.a(_udivsi3.o)
                              ../lib/libbwio.a(bwio.o) (__udivsi3)
/u/wbcowan/gnuarm-4.0.2/lib/gcc/arm-elf/4.0.2/libgcc.a(_umodsi3.o)
                              ../lib/libbwio.a(bwio.o) (__umodsi3)
/u/wbcowan/gnuarm-4.0.2/lib/gcc/arm-elf/4.0.2/libgcc.a(_dvmd_tls.o)
                              /u/wbcowan/gnuarm-4.0.2/lib/gcc/arm-elf/4.0.2/libgcc.a(_udivsi3.o) (__div0)

Memory Configuration

Name             Origin             Length             Attributes
ram              0x0000000000000000 0x0000000002000000
rom              0x0000000060000000 0x0000000000800000
*default*        0x0000000000000000 0xffffffffffffffff

Linker script and memory map


.text           0x0000000000000000      0xf38
 *(.text)
 .text          0x0000000000000000       0x90 cursor-addressing-test.o
                0x0000000000000000                main
 .text          0x0000000000000090      0xc98 ../lib/libbwio.a(bwio.o)
                0x0000000000000408                bwputr
                0x0000000000000974                bwi2a
                0x0000000000000090                bwsetfifo
                0x0000000000000264                bwputc
                0x0000000000000ce4                set_led
                0x00000000000006c4                bwa2d
                0x0000000000000158                bwsetspeed
                0x0000000000000328                c2x
                0x000000000000076c                bwa2i
                0x000000000000060c                bwgetc
                0x0000000000000830                bwui2a
                0x00000000000009d8                bwformat
                0x0000000000000504                bwputw
                0x0000000000000cac                bwprintf
                0x0000000000000388                bwputx
                0x0000000000000488                bwputstr
 .text          0x0000000000000d28      0x110 /u/wbcowan/gnuarm-4.0.2/lib/gcc/arm-elf/4.0.2/libgcc.a(_udivsi3.o)
                0x0000000000000d28                __udivsi3
                0x0000000000000e20                __aeabi_uidivmod
 .text          0x0000000000000e38       0xcc /u/wbcowan/gnuarm-4.0.2/lib/gcc/arm-elf/4.0.2/libgcc.a(_umodsi3.o)
                0x0000000000000e38                __umodsi3
 .text          0x0000000000000f04        0x4 /u/wbcowan/gnuarm-4.0.2/lib/gcc/arm-elf/4.0.2/libgcc.a(_dvmd_tls.o)
                0x0000000000000f04                __aeabi_ldiv0
                0x0000000000000f04                __div0
                0x0000000000000f04                __aeabi_idiv0
 *(.got)
 *(.got.plt)
 .got.plt       0x0000000000000f08        0xc cursor-addressing-test.o
                0x0000000000000f08                _GLOBAL_OFFSET_TABLE_
 *(.rodata)
 .rodata        0x0000000000000f14       0x24 cursor-addressing-test.o
 *(.glue_7)
 *(.glue_7t)

.bss            0x0000000000000f38        0x0
                0x0000000000000f38                _BssStart = .
 *(.bss)
                0x0000000000000f38                _BssEnd = .

.data           0x0000000000000f38        0x0
                0x0000000000000f38                _DataStart = .
 *(.data)
                0x0000000000000f38                _DataEnd = .

.rel.dyn
LOAD cursor-addressing-test.o
LOAD ../lib/libbwio.a
LOAD /u/wbcowan/gnuarm-4.0.2/lib/gcc/arm-elf/4.0.2/libgcc.a
OUTPUT(cursor-addressing-test.elf elf32-littlearm)

.comment        0x0000000000000000       0x24
 .comment       0x0000000000000000       0x12 cursor-addressing-test.o
 .comment       0x0000000000000012       0x12 ../lib/libbwio.a(bwio.o)

.debug_line     0x0000000000000000      0x14f
 .debug_line    0x0000000000000000       0x86 /u/wbcowan/gnuarm-4.0.2/lib/gcc/arm-elf/4.0.2/libgcc.a(_udivsi3.o)
 .debug_line    0x0000000000000086       0x6f /u/wbcowan/gnuarm-4.0.2/lib/gcc/arm-elf/4.0.2/libgcc.a(_umodsi3.o)
 .debug_line    0x00000000000000f5       0x5a /u/wbcowan/gnuarm-4.0.2/lib/gcc/arm-elf/4.0.2/libgcc.a(_dvmd_tls.o)

.debug_info     0x0000000000000000      0x153
 .debug_info    0x0000000000000000       0x71 /u/wbcowan/gnuarm-4.0.2/lib/gcc/arm-elf/4.0.2/libgcc.a(_udivsi3.o)
 .debug_info    0x0000000000000071       0x71 /u/wbcowan/gnuarm-4.0.2/lib/gcc/arm-elf/4.0.2/libgcc.a(_umodsi3.o)
 .debug_info    0x00000000000000e2       0x71 /u/wbcowan/gnuarm-4.0.2/lib/gcc/arm-elf/4.0.2/libgcc.a(_dvmd_tls.o)

.debug_abbrev   0x0000000000000000       0x3c
 .debug_abbrev  0x0000000000000000       0x14 /u/wbcowan/gnuarm-4.0.2/lib/gcc/arm-elf/4.0.2/libgcc.a(_udivsi3.o)
 .debug_abbrev  0x0000000000000014       0x14 /u/wbcowan/gnuarm-4.0.2/lib/gcc/arm-elf/4.0.2/libgcc.a(_umodsi3.o)
 .debug_abbrev  0x0000000000000028       0x14 /u/wbcowan/gnuarm-4.0.2/lib/gcc/arm-elf/4.0.2/libgcc.a(_dvmd_tls.o)

.debug_aranges  0x0000000000000000       0x60
 .debug_aranges
                0x0000000000000000       0x20 /u/wbcowan/gnuarm-4.0.2/lib/gcc/arm-elf/4.0.2/libgcc.a(_udivsi3.o)
 .debug_aranges
                0x0000000000000020       0x20 /u/wbcowan/gnuarm-4.0.2/lib/gcc/arm-elf/4.0.2/libgcc.a(_umodsi3.o)
 .debug_aranges
                0x0000000000000040       0x20 /u/wbcowan/gnuarm-4.0.2/lib/gcc/arm-elf/4.0.2/libgcc.a(_dvmd_tls.o)
