Archive member included because of file (symbol)

../lib/libbwio.a(bwio.o)      iotest.o (bwsetfifo)
/u/wbcowan/gnuarm-4.0.2/lib/gcc/arm-elf/4.0.2/libgcc.a(_udivsi3.o)
                              ../lib/libbwio.a(bwio.o) (__udivsi3)
/u/wbcowan/gnuarm-4.0.2/lib/gcc/arm-elf/4.0.2/libgcc.a(_umodsi3.o)
                              ../lib/libbwio.a(bwio.o) (__umodsi3)
/u/wbcowan/gnuarm-4.0.2/lib/gcc/arm-elf/4.0.2/libgcc.a(_dvmd_tls.o)
                              /u/wbcowan/gnuarm-4.0.2/lib/gcc/arm-elf/4.0.2/libgcc.a(_udivsi3.o) (__div0)

Memory Configuration

Name             Origin             Length             Attributes
ram              0x0000000000000000 0x0000000002000000
rom              0x0000000060000000 0x0000000000800000
*default*        0x0000000000000000 0xffffffffffffffff

Linker script and memory map


.text           0x0000000000000000     0x10c8
 *(.text)
 .text          0x0000000000000000      0x1d4 iotest.o
                0x0000000000000000                main
 .text          0x00000000000001d4      0xc98 ../lib/libbwio.a(bwio.o)
                0x000000000000054c                bwputr
                0x0000000000000ab8                bwi2a
                0x00000000000001d4                bwsetfifo
                0x00000000000003a8                bwputc
                0x0000000000000e28                set_led
                0x0000000000000808                bwa2d
                0x000000000000029c                bwsetspeed
                0x000000000000046c                c2x
                0x00000000000008b0                bwa2i
                0x0000000000000750                bwgetc
                0x0000000000000974                bwui2a
                0x0000000000000b1c                bwformat
                0x0000000000000648                bwputw
                0x0000000000000df0                bwprintf
                0x00000000000004cc                bwputx
                0x00000000000005cc                bwputstr
 .text          0x0000000000000e6c      0x110 /u/wbcowan/gnuarm-4.0.2/lib/gcc/arm-elf/4.0.2/libgcc.a(_udivsi3.o)
                0x0000000000000e6c                __udivsi3
                0x0000000000000f64                __aeabi_uidivmod
 .text          0x0000000000000f7c       0xcc /u/wbcowan/gnuarm-4.0.2/lib/gcc/arm-elf/4.0.2/libgcc.a(_umodsi3.o)
                0x0000000000000f7c                __umodsi3
 .text          0x0000000000001048        0x4 /u/wbcowan/gnuarm-4.0.2/lib/gcc/arm-elf/4.0.2/libgcc.a(_dvmd_tls.o)
                0x0000000000001048                __aeabi_ldiv0
                0x0000000000001048                __div0
                0x0000000000001048                __aeabi_idiv0
 *(.got)
 *(.got.plt)
 .got.plt       0x000000000000104c        0xc iotest.o
                0x000000000000104c                _GLOBAL_OFFSET_TABLE_
 *(.rodata)
 .rodata        0x0000000000001058       0x70 iotest.o
 *(.glue_7)
 *(.glue_7t)

.bss            0x00000000000010c8        0x0
                0x00000000000010c8                _BssStart = .
 *(.bss)
                0x00000000000010c8                _BssEnd = .

.data           0x00000000000010c8        0x0
                0x00000000000010c8                _DataStart = .
 *(.data)
                0x00000000000010c8                _DataEnd = .

.rel.dyn
LOAD iotest.o
LOAD ../lib/libbwio.a
LOAD /u/wbcowan/gnuarm-4.0.2/lib/gcc/arm-elf/4.0.2/libgcc.a
OUTPUT(iotest.elf elf32-littlearm)

.comment        0x0000000000000000       0x24
 .comment       0x0000000000000000       0x12 iotest.o
 .comment       0x0000000000000012       0x12 ../lib/libbwio.a(bwio.o)

.debug_line     0x0000000000000000      0x14f
 .debug_line    0x0000000000000000       0x86 /u/wbcowan/gnuarm-4.0.2/lib/gcc/arm-elf/4.0.2/libgcc.a(_udivsi3.o)
 .debug_line    0x0000000000000086       0x6f /u/wbcowan/gnuarm-4.0.2/lib/gcc/arm-elf/4.0.2/libgcc.a(_umodsi3.o)
 .debug_line    0x00000000000000f5       0x5a /u/wbcowan/gnuarm-4.0.2/lib/gcc/arm-elf/4.0.2/libgcc.a(_dvmd_tls.o)

.debug_info     0x0000000000000000      0x153
 .debug_info    0x0000000000000000       0x71 /u/wbcowan/gnuarm-4.0.2/lib/gcc/arm-elf/4.0.2/libgcc.a(_udivsi3.o)
 .debug_info    0x0000000000000071       0x71 /u/wbcowan/gnuarm-4.0.2/lib/gcc/arm-elf/4.0.2/libgcc.a(_umodsi3.o)
 .debug_info    0x00000000000000e2       0x71 /u/wbcowan/gnuarm-4.0.2/lib/gcc/arm-elf/4.0.2/libgcc.a(_dvmd_tls.o)

.debug_abbrev   0x0000000000000000       0x3c
 .debug_abbrev  0x0000000000000000       0x14 /u/wbcowan/gnuarm-4.0.2/lib/gcc/arm-elf/4.0.2/libgcc.a(_udivsi3.o)
 .debug_abbrev  0x0000000000000014       0x14 /u/wbcowan/gnuarm-4.0.2/lib/gcc/arm-elf/4.0.2/libgcc.a(_umodsi3.o)
 .debug_abbrev  0x0000000000000028       0x14 /u/wbcowan/gnuarm-4.0.2/lib/gcc/arm-elf/4.0.2/libgcc.a(_dvmd_tls.o)

.debug_aranges  0x0000000000000000       0x60
 .debug_aranges
                0x0000000000000000       0x20 /u/wbcowan/gnuarm-4.0.2/lib/gcc/arm-elf/4.0.2/libgcc.a(_udivsi3.o)
 .debug_aranges
                0x0000000000000020       0x20 /u/wbcowan/gnuarm-4.0.2/lib/gcc/arm-elf/4.0.2/libgcc.a(_umodsi3.o)
 .debug_aranges
                0x0000000000000040       0x20 /u/wbcowan/gnuarm-4.0.2/lib/gcc/arm-elf/4.0.2/libgcc.a(_dvmd_tls.o)
