Archive member included because of file (symbol)

../lib/libbwio.a(bwio.o)      timertest.o (bwsetfifo)
../lib/libbwio.a(timer.o)     timertest.o (get_time)
/u/wbcowan/gnuarm-4.0.2/lib/gcc/arm-elf/4.0.2/libgcc.a(_udivsi3.o)
                              ../lib/libbwio.a(bwio.o) (__udivsi3)
/u/wbcowan/gnuarm-4.0.2/lib/gcc/arm-elf/4.0.2/libgcc.a(_umodsi3.o)
                              ../lib/libbwio.a(bwio.o) (__umodsi3)
/u/wbcowan/gnuarm-4.0.2/lib/gcc/arm-elf/4.0.2/libgcc.a(_dvmd_tls.o)
                              /u/wbcowan/gnuarm-4.0.2/lib/gcc/arm-elf/4.0.2/libgcc.a(_udivsi3.o) (__div0)

Memory Configuration

Name             Origin             Length             Attributes
ram              0x0000000000000000 0x0000000002000000
rom              0x0000000060000000 0x0000000000800000
*default*        0x0000000000000000 0xffffffffffffffff

Linker script and memory map


.text           0x0000000000000000     0x113c
 *(.text)
 .text          0x0000000000000000      0x1f8 timertest.o
                0x0000000000000000                main
 .text          0x00000000000001f8      0xc98 ../lib/libbwio.a(bwio.o)
                0x0000000000000570                bwputr
                0x0000000000000adc                bwi2a
                0x00000000000001f8                bwsetfifo
                0x00000000000003cc                bwputc
                0x0000000000000e4c                set_led
                0x000000000000082c                bwa2d
                0x00000000000002c0                bwsetspeed
                0x0000000000000490                c2x
                0x00000000000008d4                bwa2i
                0x0000000000000774                bwgetc
                0x0000000000000998                bwui2a
                0x0000000000000b40                bwformat
                0x000000000000066c                bwputw
                0x0000000000000e14                bwprintf
                0x00000000000004f0                bwputx
                0x00000000000005f0                bwputstr
 .text          0x0000000000000e90       0x90 ../lib/libbwio.a(timer.o)
                0x0000000000000ec8                set_timer
                0x0000000000000e90                get_time
 .text          0x0000000000000f20      0x110 /u/wbcowan/gnuarm-4.0.2/lib/gcc/arm-elf/4.0.2/libgcc.a(_udivsi3.o)
                0x0000000000000f20                __udivsi3
                0x0000000000001018                __aeabi_uidivmod
 .text          0x0000000000001030       0xcc /u/wbcowan/gnuarm-4.0.2/lib/gcc/arm-elf/4.0.2/libgcc.a(_umodsi3.o)
                0x0000000000001030                __umodsi3
 .text          0x00000000000010fc        0x4 /u/wbcowan/gnuarm-4.0.2/lib/gcc/arm-elf/4.0.2/libgcc.a(_dvmd_tls.o)
                0x00000000000010fc                __aeabi_ldiv0
                0x00000000000010fc                __div0
                0x00000000000010fc                __aeabi_idiv0
 *(.got)
 *(.got.plt)
 .got.plt       0x0000000000001100        0xc timertest.o
                0x0000000000001100                _GLOBAL_OFFSET_TABLE_
 *(.rodata)
 .rodata        0x000000000000110c       0x30 timertest.o
 *(.glue_7)
 *(.glue_7t)

.bss            0x000000000000113c        0x0
                0x000000000000113c                _BssStart = .
 *(.bss)
                0x000000000000113c                _BssEnd = .

.data           0x000000000000113c        0x0
                0x000000000000113c                _DataStart = .
 *(.data)
                0x000000000000113c                _DataEnd = .

.rel.dyn
LOAD timertest.o
LOAD ../lib/libbwio.a
LOAD /u/wbcowan/gnuarm-4.0.2/lib/gcc/arm-elf/4.0.2/libgcc.a
OUTPUT(timertest.elf elf32-littlearm)

.comment        0x0000000000000000       0x36
 .comment       0x0000000000000000       0x12 timertest.o
 .comment       0x0000000000000012       0x12 ../lib/libbwio.a(bwio.o)
 .comment       0x0000000000000024       0x12 ../lib/libbwio.a(timer.o)

.debug_line     0x0000000000000000      0x14f
 .debug_line    0x0000000000000000       0x86 /u/wbcowan/gnuarm-4.0.2/lib/gcc/arm-elf/4.0.2/libgcc.a(_udivsi3.o)
 .debug_line    0x0000000000000086       0x6f /u/wbcowan/gnuarm-4.0.2/lib/gcc/arm-elf/4.0.2/libgcc.a(_umodsi3.o)
 .debug_line    0x00000000000000f5       0x5a /u/wbcowan/gnuarm-4.0.2/lib/gcc/arm-elf/4.0.2/libgcc.a(_dvmd_tls.o)

.debug_info     0x0000000000000000      0x153
 .debug_info    0x0000000000000000       0x71 /u/wbcowan/gnuarm-4.0.2/lib/gcc/arm-elf/4.0.2/libgcc.a(_udivsi3.o)
 .debug_info    0x0000000000000071       0x71 /u/wbcowan/gnuarm-4.0.2/lib/gcc/arm-elf/4.0.2/libgcc.a(_umodsi3.o)
 .debug_info    0x00000000000000e2       0x71 /u/wbcowan/gnuarm-4.0.2/lib/gcc/arm-elf/4.0.2/libgcc.a(_dvmd_tls.o)

.debug_abbrev   0x0000000000000000       0x3c
 .debug_abbrev  0x0000000000000000       0x14 /u/wbcowan/gnuarm-4.0.2/lib/gcc/arm-elf/4.0.2/libgcc.a(_udivsi3.o)
 .debug_abbrev  0x0000000000000014       0x14 /u/wbcowan/gnuarm-4.0.2/lib/gcc/arm-elf/4.0.2/libgcc.a(_umodsi3.o)
 .debug_abbrev  0x0000000000000028       0x14 /u/wbcowan/gnuarm-4.0.2/lib/gcc/arm-elf/4.0.2/libgcc.a(_dvmd_tls.o)

.debug_aranges  0x0000000000000000       0x60
 .debug_aranges
                0x0000000000000000       0x20 /u/wbcowan/gnuarm-4.0.2/lib/gcc/arm-elf/4.0.2/libgcc.a(_udivsi3.o)
 .debug_aranges
                0x0000000000000020       0x20 /u/wbcowan/gnuarm-4.0.2/lib/gcc/arm-elf/4.0.2/libgcc.a(_umodsi3.o)
 .debug_aranges
                0x0000000000000040       0x20 /u/wbcowan/gnuarm-4.0.2/lib/gcc/arm-elf/4.0.2/libgcc.a(_dvmd_tls.o)
